---
source: minijinja/tests/test_templates.rs
description: "{{ value|upper }}"
info:
  value: foo bar baz
input_file: minijinja/tests/inputs/filter.txt
---
FOO BAR BAZ

