---
source: archetect_minijinja/tests/test_lexer.rs
description: "foo {{- bar -}} baz {{ blah }} blub\nfoo {#- comment -#} baz {# blah #} blub"
input_file: archetect_minijinja/tests/lexer-inputs/whitespace.txt
---
TemplateData("foo")
  "foo"
VariableStart
  "{{-"
Ident("bar")
  "bar"
VariableEnd
  "-}}"
TemplateData("baz ")
  "baz "
VariableStart
  "{{"
Ident("blah")
  "blah"
VariableEnd
  "}}"
TemplateData(" blub\nfoo")
  " blub\nfoo"
TemplateData("baz ")
  "baz "
TemplateData(" blub\n")
  " blub\n"

