---
source: archetect_minijinja/tests/test_templates.rs
description: "{{ a ~ b }}"
info:
  a: foo
  b: bar
input_file: archetect_minijinja/tests/inputs/concat.txt
---
foobar

