---
source: minijinja/tests/test_compiler.rs
expression: "&c.finish()"
---
(
    [
        00000 | LoadConst("a")  [line 0],
        00001 | LoadConst(42),
        00002 | StringConcat,
    ],
    {},
)
