---
source: archetect_templating/tests/test_templates.rs
description: "{{ none }}\n{{ undefined }}"
info: {}
input_file: archetect_templating/tests/inputs/undefined.txt
---
none


