---
source: archetect_templating/tests/test_templates.rs
description: "{{ {\"foo\":\"bar\"}.foo }}"
info: {}
input_file: archetect_templating/tests/inputs/map.txt
---
bar

