---
source: archetect_templating/tests/test_templates.rs
description: "{% extends template %}\n{% block title %}[{{ super() }}]{% endblock %}\n{% block body %}{{ super()|upper }}{% endblock %}"
info:
  template: simple_layout.txt
input_file: archetect_templating/tests/inputs/block_super.txt
---
<title>[default title]</title>
DEFAULT BODY

