---
source: archetect_templating/tests/test_templates.rs
description: "Strings:\n{{ 'to' + name + 'you' }}!\n{{ 'to' + 'you' }}!\n\nAdding:\n{{ 1 + 2 }}\n\nMinus:\n{{ 2 + 1 }}\n\nDivide:\n{{ 100 / 2 }}"
info:
  name: World
input_file: archetect_templating/tests/inputs/adding.txt
---
Strings:
toWorldyou!
toyou!

Adding:
3

Minus:
3

Divide:
50.0

