---
source: archetect_templating/tests/test_templates.rs
description: "1:[{% block title %}{{ var }}{% endblock %}]\n2:({{ self.title() }})"
info:
  var: foobar
input_file: archetect_templating/tests/inputs/self.txt
---
1:[foobar]
2:(foobar)

