---
source: archetect_templating/tests/test_templates.rs
description: "<h1>{{ unsafe }}</h1>"
info:
  unsafe: "<foo>"
input_file: archetect_templating/tests/inputs/escaping.html
---
<h1>&lt;foo&gt;</h1>

