---
source: archetect_templating/tests/test_templates.rs
description: "Hello {{ name }}!"
info:
  name: World
input_file: archetect_templating/tests/inputs/hello.txt
---
Hello World!

