---
source: archetect_templating/tests/test_templates.rs
description: "{% extends template %}\n{% block title %}new title{% endblock %}\n{% block body %}new body{% endblock %}"
info:
  template: simple_layout.txt
input_file: archetect_templating/tests/inputs/extends.txt
---
<title>new title</title>
new body

