---
source: archetect_templating/tests/test_templates.rs
description: "{%- from \"call_macro.txt\" import call %}\n{%- macro my_macro(value) %}[{{ value }}]{% endmacro %}\n{{- call(my_macro, 42) }}"
info: {}
input_file: archetect_templating/tests/inputs/macro_calling_macro.txt
---
[42]

