---
source: archetect_minijinja/tests/test_templates.rs
description: "{{ 10.0 / 0.0 }}"
info: {}
input_file: archetect_minijinja/tests/inputs/float_div_by_zero.txt
---
inf

