---
source: archetect_templating/tests/test_templates.rs
description: "[{% for item in seq %}{% endfor %}]"
info: {}
input_file: archetect_templating/tests/inputs/loop_over_undefined.txt
---
[]

